[2018-04-23 15:15:58] 有1条新评论待审核。[43]
[2018-04-23 15:16:22] 有1条新评论待审核。[43]
